[around.createx.studio/index.html]
[backblue.gif]
[fade.gif]
[index.html]
[around.createx.studio/manifest.json]
[around.createx.studio/assets/app-icons/icon-32x32.png]
[around.createx.studio/assets/app-icons/icon-180x180.png]
[around.createx.studio/assets/js/theme-switcher.js]
[around.createx.studio/assets/vendor/aos/dist/aos.css]
[around.createx.studio/assets/icons/around-icons.min.css]
[around.createx.studio/assets/css/theme.min.css]
[around.createx.studio/assets/img/megamenu/landings.jpg]
[around.createx.studio/landing-mobile-app-showcase.html]
[around.createx.studio/assets/img/megamenu/mobile-app.jpg]
[around.createx.studio/landing-product.html]
[around.createx.studio/assets/img/megamenu/product-landing.jpg]
[around.createx.studio/landing-saas-v1.html]
[around.createx.studio/assets/img/megamenu/saas-1.jpg]
[around.createx.studio/landing-saas-v2.html]
[around.createx.studio/assets/img/megamenu/saas-2.jpg]
[around.createx.studio/landing-saas-v3.html]
[around.createx.studio/assets/img/megamenu/saas-3.jpg]
[around.createx.studio/landing-saas-v4.html]
[around.createx.studio/assets/img/megamenu/saas-4.jpg]
[around.createx.studio/landing-shop-v1.html]
[around.createx.studio/assets/img/megamenu/shop-homepage-1.jpg]
[around.createx.studio/landing-shop-v2.html]
[around.createx.studio/assets/img/megamenu/shop-homepage-2.jpg]
[around.createx.studio/landing-marketing-agency.html]
[around.createx.studio/assets/img/megamenu/marketing-agency.jpg]
[around.createx.studio/landing-creative-agency.html]
[around.createx.studio/assets/img/megamenu/creative-agency.jpg]
[around.createx.studio/landing-conference.html]
[around.createx.studio/assets/img/megamenu/conference.jpg]
[around.createx.studio/landing-web-studio.html]
[around.createx.studio/assets/img/megamenu/web-studio.jpg]
[around.createx.studio/landing-corporate.html]
[around.createx.studio/assets/img/megamenu/corporate.jpg]
[around.createx.studio/landing-insurance.html]
[around.createx.studio/assets/img/megamenu/insurance.jpg]
[around.createx.studio/landing-business-consulting.html]
[around.createx.studio/assets/img/megamenu/business-consulting.jpg]
[around.createx.studio/landing-coworking-space.html]
[around.createx.studio/assets/img/megamenu/coworking.jpg]
[around.createx.studio/landing-yoga-studio.html]
[around.createx.studio/assets/img/megamenu/yoga-studio.jpg]
[around.createx.studio/landing-influencer.html]
[around.createx.studio/assets/img/megamenu/influencer.jpg]
[around.createx.studio/landing-blog.html]
[around.createx.studio/assets/img/megamenu/blog-homepage.jpg]
[around.createx.studio/portfolio-list-v1.html]
[around.createx.studio/portfolio-list-v2.html]
[around.createx.studio/portfolio-grid-v1.html]
[around.createx.studio/portfolio-grid-v2.html]
[around.createx.studio/portfolio-slider.html]
[around.createx.studio/portfolio-single-v1.html]
[around.createx.studio/portfolio-single-v2.html]
[around.createx.studio/shop-catalog.html]
[around.createx.studio/shop-single.html]
[around.createx.studio/shop-checkout.html]
[around.createx.studio/blog-grid-sidebar.html]
[around.createx.studio/blog-grid.html]
[around.createx.studio/blog-list-sidebar.html]
[around.createx.studio/blog-list.html]
[around.createx.studio/blog-single-v1.html]
[around.createx.studio/blog-single-v2.html]
[around.createx.studio/blog-single-v3.html]
[around.createx.studio/about-agency.html]
[around.createx.studio/about-product.html]
[around.createx.studio/services-v1.html]
[around.createx.studio/services-v2.html]
[around.createx.studio/services-v3.html]
[around.createx.studio/pricing.html]
[around.createx.studio/contacts-v1.html]
[around.createx.studio/contacts-v2.html]
[around.createx.studio/contacts-v3.html]
[around.createx.studio/coming-soon-v1.html]
[around.createx.studio/coming-soon-v2.html]
[around.createx.studio/404-v1.html]
[around.createx.studio/404-v2.html]
[around.createx.studio/404-v3.html]
[around.createx.studio/account-signin.html]
[around.createx.studio/account-signup.html]
[around.createx.studio/account-signinup.html]
[around.createx.studio/account-password-recovery.html]
[around.createx.studio/account-overview.html]
[around.createx.studio/account-settings.html]
[around.createx.studio/account-billing.html]
[around.createx.studio/account-orders.html]
[around.createx.studio/account-earnings.html]
[around.createx.studio/account-chat.html]
[around.createx.studio/account-favorites.html]
[around.createx.studio/components/typography.html]
[around.createx.studio/docs/getting-started.html]
[around.createx.studio/assets/img/landing/intro/avatar.png]
[around.createx.studio/assets/img/landing/intro/hero/01.png]
[around.createx.studio/assets/img/landing/intro/hero/02.png]
[around.createx.studio/assets/img/landing/intro/hero/03.png]
[around.createx.studio/assets/img/landing/intro/hero/04.png]
[around.createx.studio/assets/img/landing/intro/landings/mobile-app-showcase-light.jpg]
[around.createx.studio/assets/img/landing/intro/landings/mobile-app-showcase-dark.jpg]
[around.createx.studio/assets/img/landing/intro/landings/product-landing-light.jpg]
[around.createx.studio/assets/img/landing/intro/landings/product-landing-dark.jpg]
[around.createx.studio/assets/img/landing/intro/landings/saas-v1-light.jpg]
[around.createx.studio/assets/img/landing/intro/landings/saas-v1-dark.jpg]
[around.createx.studio/assets/img/landing/intro/landings/saas-v2-light.jpg]
[around.createx.studio/assets/img/landing/intro/landings/saas-v2-dark.jpg]
[around.createx.studio/assets/img/landing/intro/landings/saas-v3-light.jpg]
[around.createx.studio/assets/img/landing/intro/landings/saas-v3-dark.jpg]
[around.createx.studio/assets/img/landing/intro/landings/saas-v4-light.jpg]
[around.createx.studio/assets/img/landing/intro/landings/saas-v4-dark.jpg]
[around.createx.studio/assets/img/landing/intro/landings/shop-homepage-v1-light.jpg]
[around.createx.studio/assets/img/landing/intro/landings/shop-homepage-v1-dark.jpg]
[around.createx.studio/assets/img/landing/intro/landings/shop-homepage-v2-light.jpg]
[around.createx.studio/assets/img/landing/intro/landings/shop-homepage-v2-dark.jpg]
[around.createx.studio/assets/img/landing/intro/landings/marketing-agency-light.jpg]
[around.createx.studio/assets/img/landing/intro/landings/marketing-agency-dark.jpg]
[around.createx.studio/assets/img/landing/intro/landings/creative-agency-light.jpg]
[around.createx.studio/assets/img/landing/intro/landings/creative-agency-dark.jpg]
[around.createx.studio/assets/img/landing/intro/landings/conference-light.jpg]
[around.createx.studio/assets/img/landing/intro/landings/conference-dark.jpg]
[around.createx.studio/assets/img/landing/intro/landings/influencer-light.jpg]
[around.createx.studio/assets/img/landing/intro/landings/influencer-dark.jpg]
[around.createx.studio/assets/img/landing/intro/landings/business-consulting-light.jpg]
[around.createx.studio/assets/img/landing/intro/landings/business-consulting-dark.jpg]
[around.createx.studio/assets/img/landing/intro/landings/corporate-light.jpg]
[around.createx.studio/assets/img/landing/intro/landings/corporate-dark.jpg]
[around.createx.studio/assets/img/landing/intro/landings/insurance-light.jpg]
[around.createx.studio/assets/img/landing/intro/landings/insurance-dark.jpg]
[around.createx.studio/assets/img/landing/intro/landings/coworking-space-light.jpg]
[around.createx.studio/assets/img/landing/intro/landings/coworking-space-dark.jpg]
[around.createx.studio/assets/img/landing/intro/landings/yoga-studio-light.jpg]
[around.createx.studio/assets/img/landing/intro/landings/yoga-studio-dark.jpg]
[around.createx.studio/assets/img/landing/intro/landings/web-studio-light.jpg]
[around.createx.studio/assets/img/landing/intro/landings/web-studio-dark.jpg]
[around.createx.studio/assets/img/landing/intro/landings/blog-homepage-light.jpg]
[around.createx.studio/assets/img/landing/intro/landings/blog-homepage-dark.jpg]
[around.createx.studio/assets/json/animation-sandwatch-light.json]
[around.createx.studio/transparent.89.delayed]
[around.createx.studio/assets/json/animation-sandwatch-dark.json]
[around.createx.studio/assets/img/landing/intro/pages/01-light.jpg]
[around.createx.studio/assets/img/landing/intro/pages/01-dark.jpg]
[around.createx.studio/assets/img/landing/intro/pages/02-light.jpg]
[around.createx.studio/assets/img/landing/intro/pages/02-dark.jpg]
[around.createx.studio/assets/img/landing/intro/pages/03-light.jpg]
[around.createx.studio/assets/img/landing/intro/pages/03-dark.jpg]
[around.createx.studio/assets/img/landing/intro/dark-mode.jpg]
[around.createx.studio/assets/img/landing/intro/light-mode.jpg]
[around.createx.studio/assets/img/landing/intro/customizer/colors-light.svg]
[around.createx.studio/assets/img/landing/intro/customizer/colors-dark.svg]
[around.createx.studio/assets/img/landing/intro/customizer/typography-light.svg]
[around.createx.studio/assets/img/landing/intro/customizer/typography-dark.svg]
[around.createx.studio/assets/img/landing/intro/customizer/borders-light.svg]
[around.createx.studio/assets/img/landing/intro/customizer/borders-dark.svg]
[around.createx.studio/assets/img/landing/intro/features/bootstrap.png]
[around.createx.studio/assets/img/landing/intro/features/sass.png]
[around.createx.studio/assets/img/landing/intro/features/npm.png]
[around.createx.studio/assets/img/landing/intro/features/js.png]
[around.createx.studio/assets/img/landing/intro/features/html5.png]
[around.createx.studio/assets/img/landing/intro/features/figma.png]
[around.createx.studio/assets/img/landing/intro/features/touch.png]
[around.createx.studio/assets/img/landing/intro/features/google-fonts.png]
[around.createx.studio/assets/img/landing/intro/features/vector.png]
[around.createx.studio/assets/vendor/parallax-js/dist/parallax.min.js]
[around.createx.studio/assets/vendor/aos/dist/aos.js]
[around.createx.studio/assets/vendor/@lottiefiles/lottie-player/dist/lottie-player.js]
[around.createx.studio/assets/vendor/img-comparison-slider/dist/index.js]
[around.createx.studio/assets/js/theme.min.js]
[around.createx.studio/index.html]
[around.createx.studio/assets/vendor/aos/dist/aos.css]
[around.createx.studio/assets/vendor/img-comparison-slider/dist/styles.css]
[around.createx.studio/assets/js/customizer.min.js]
[around.createx.studio/assets/icons/around-icons3bbe.woff2]
[around.createx.studio/assets/icons/around-icons.min.css]
[around.createx.studio/assets/img/credit-cards.png]
[around.createx.studio/assets/css/theme.min.css]
[www.googletagmanager.com/gtm5445.html]
[around.createx.studio/assets/vendor/swiper/swiper-bundle.min.css]
[around.createx.studio/assets/img/landing/mobile-app-showcase/hero/screen02.png]
[around.createx.studio/assets/img/landing/mobile-app-showcase/hero/screen01.png]
[around.createx.studio/assets/img/landing/mobile-app-showcase/hero/screen03.png]
[around.createx.studio/assets/img/market/appstore-light.svg]
[around.createx.studio/assets/img/market/appstore-dark.svg]
[around.createx.studio/assets/img/market/googleplay-light.svg]
[around.createx.studio/assets/img/market/googleplay-dark.svg]
[around.createx.studio/assets/img/landing/mobile-app-showcase/features/01.png]
[around.createx.studio/assets/img/landing/mobile-app-showcase/features/02.png]
[around.createx.studio/assets/img/landing/mobile-app-showcase/features/03.png]
[around.createx.studio/assets/img/landing/mobile-app-showcase/people/01.png]
[around.createx.studio/assets/img/landing/mobile-app-showcase/people/02.png]
[around.createx.studio/assets/img/landing/mobile-app-showcase/people/03.png]
[around.createx.studio/assets/img/landing/mobile-app-showcase/people/04.png]
[around.createx.studio/assets/img/landing/mobile-app-showcase/people/05.png]
[around.createx.studio/assets/img/landing/mobile-app-showcase/people/06.png]
[around.createx.studio/assets/img/landing/mobile-app-showcase/awards/01-dark.png]
[around.createx.studio/assets/img/landing/mobile-app-showcase/awards/01-light.png]
[around.createx.studio/assets/img/landing/mobile-app-showcase/awards/02-dark.png]
[around.createx.studio/assets/img/landing/mobile-app-showcase/awards/02-light.png]
[around.createx.studio/assets/img/landing/business-consulting/clients/04-dark.svg]
[around.createx.studio/assets/img/landing/business-consulting/clients/04-light.svg]
[around.createx.studio/assets/img/landing/business-consulting/clients/01-dark.svg]
[around.createx.studio/assets/img/landing/business-consulting/clients/01-light.svg]
[around.createx.studio/assets/img/landing/business-consulting/clients/02-dark.svg]
[around.createx.studio/assets/img/landing/business-consulting/clients/02-light.svg]
[around.createx.studio/assets/img/landing/business-consulting/clients/03-dark.svg]
[around.createx.studio/assets/img/landing/business-consulting/clients/03-light.svg]
[around.createx.studio/assets/img/landing/business-consulting/clients/05-dark.svg]
[around.createx.studio/assets/img/landing/business-consulting/clients/05-light.svg]
[around.createx.studio/assets/img/landing/business-consulting/clients/06-dark.svg]
[around.createx.studio/assets/img/landing/business-consulting/clients/06-light.svg]
[around.createx.studio/assets/img/landing/mobile-app-showcase/testimonials/01.png]
[around.createx.studio/assets/img/landing/mobile-app-showcase/testimonials/02.png]
[around.createx.studio/assets/img/landing/mobile-app-showcase/testimonials/04.png]
[around.createx.studio/assets/img/landing/mobile-app-showcase/testimonials/03.png]
[around.createx.studio/assets/img/landing/mobile-app-showcase/cta-screens.png]
[around.createx.studio/landing-mobile-app-showcase.html]
[around.createx.studio/assets/vendor/swiper/swiper-bundle.min.js]
[around.createx.studio/assets/vendor/lightgallery/css/lightgallery-bundle.min.css]
[around.createx.studio/assets/json/animation-soundwave.json]
[around.createx.studio/assets/img/landing/product/hero-image.png]
[around.createx.studio/assets/img/landing/product/soundwave.svg]
[around.createx.studio/assets/img/landing/product/video-cover.jpg]
[around.createx.studio/assets/img/landing/product/colors/gray.png]
[around.createx.studio/assets/img/landing/product/colors/blue.png]
[around.createx.studio/assets/img/landing/product/colors/green.png]
[around.createx.studio/assets/img/landing/product/colors/pink.png]
[around.createx.studio/assets/img/landing/product/cta/01.png]
[around.createx.studio/assets/img/landing/product/cta/02.png]
[around.createx.studio/assets/img/landing/product/hotspots-image.png]
[around.createx.studio/assets/img/landing/product/gallery/01.jpg]
[around.createx.studio/assets/img/landing/product/gallery/03.png]
[around.createx.studio/assets/img/landing/product/gallery/02.jpg]
[around.createx.studio/assets/img/landing/product/gallery/04.png]
[around.createx.studio/assets/vendor/lightgallery/lightgallery.min.js]
[around.createx.studio/landing-product.html]
[around.createx.studio/assets/vendor/lightgallery/plugins/video/lg-video.min.js]
[around.createx.studio/assets/img/landing/saas-1/hero/dashboard-dark.jpg]
[around.createx.studio/assets/img/landing/saas-1/hero/dashboard-light.jpg]
[around.createx.studio/assets/img/landing/saas-1/brands/clutch-dark.svg]
[around.createx.studio/assets/img/landing/saas-1/brands/clutch-light.svg]
[around.createx.studio/assets/img/landing/saas-1/brands/product-hunt.svg]
[around.createx.studio/assets/img/landing/saas-1/brands/capterra.svg]
[around.createx.studio/assets/img/landing/saas-1/features/01-light.png]
[around.createx.studio/assets/img/landing/saas-1/features/01-dark.png]
[around.createx.studio/assets/img/landing/saas-1/features/02-light.png]
[around.createx.studio/assets/img/landing/saas-1/features/02-dark.png]
[around.createx.studio/assets/img/landing/saas-1/features/03-light.png]
[around.createx.studio/assets/img/landing/saas-1/features/03-dark.png]
[around.createx.studio/assets/img/landing/saas-1/features/04-light.png]
[around.createx.studio/assets/img/landing/saas-1/features/04-dark.png]
[around.createx.studio/assets/img/landing/saas-1/industries/01.png]
[around.createx.studio/assets/img/landing/saas-1/industries/02.png]
[around.createx.studio/assets/img/landing/saas-1/industries/03.png]
[around.createx.studio/assets/img/landing/saas-1/industries/04.png]
[around.createx.studio/assets/img/landing/saas-1/pricing/starter.svg]
[around.createx.studio/assets/img/landing/saas-1/pricing/business.svg]
[around.createx.studio/assets/img/landing/saas-1/pricing/premium.svg]
[around.createx.studio/assets/img/landing/saas-1/brands/foster-color.svg]
[around.createx.studio/assets/img/landing/saas-1/brands/foster-gray.svg]
[around.createx.studio/assets/img/landing/saas-1/brands/foster-light.svg]
[around.createx.studio/assets/img/landing/saas-1/brands/klinos-color.svg]
[around.createx.studio/assets/img/landing/saas-1/brands/klinos-gray.svg]
[around.createx.studio/assets/img/landing/saas-1/brands/klinos-light.svg]
[around.createx.studio/assets/img/landing/saas-1/brands/champion-color.svg]
[around.createx.studio/assets/img/landing/saas-1/brands/champion-gray.svg]
[around.createx.studio/assets/img/landing/saas-1/brands/champion-light.svg]
[around.createx.studio/assets/img/landing/saas-1/brands/airbnb-color.svg]
[around.createx.studio/assets/img/landing/saas-1/brands/airbnb-gray.svg]
[around.createx.studio/assets/img/landing/saas-1/brands/airbnb-light.svg]
[around.createx.studio/assets/img/landing/saas-1/brands/starcraft-color.svg]
[around.createx.studio/assets/img/landing/saas-1/brands/starcraft-gray.svg]
[around.createx.studio/assets/img/landing/saas-1/brands/starcraft-light.svg]
[around.createx.studio/assets/img/landing/saas-1/brands/alpine-color.svg]
[around.createx.studio/assets/img/landing/saas-1/brands/alpine-gray.svg]
[around.createx.studio/assets/img/landing/saas-1/brands/alpine-light.svg]
[around.createx.studio/assets/img/avatar/13.jpg]
[around.createx.studio/assets/img/avatar/14.jpg]
[around.createx.studio/assets/img/avatar/15.jpg]
[around.createx.studio/assets/img/avatar/16.jpg]
[around.createx.studio/assets/img/avatar/17.jpg]
[around.createx.studio/assets/img/avatar/18.jpg]
[around.createx.studio/assets/img/landing/saas-1/cta/device-light.png]
[around.createx.studio/assets/img/landing/saas-1/cta/device-dark.png]
[around.createx.studio/landing-saas-v1.html]
[around.createx.studio/assets/img/landing/saas-2/hero/01.png]
[around.createx.studio/assets/img/landing/saas-2/hero/02.png]
[around.createx.studio/assets/img/landing/saas-2/hero/03.png]
[around.createx.studio/assets/img/landing/saas-2/hero/04.png]
[around.createx.studio/assets/img/landing/saas-2/hero/05.png]
[around.createx.studio/assets/img/landing/saas-2/features/01-light.png]
[around.createx.studio/assets/img/landing/saas-2/features/01-dark.png]
[around.createx.studio/assets/img/landing/saas-2/features/02.png]
[around.createx.studio/assets/img/landing/saas-2/features/03-light.png]
[around.createx.studio/assets/img/landing/saas-2/features/03-dark.png]
[around.createx.studio/assets/img/landing/saas-2/features/04-light.png]
[around.createx.studio/assets/img/landing/saas-2/features/04-dark.png]
[around.createx.studio/assets/img/landing/saas-2/steps/01-light.png]
[around.createx.studio/assets/img/landing/saas-2/steps/01-dark.png]
[around.createx.studio/assets/img/landing/saas-2/steps/02-light.png]
[around.createx.studio/assets/img/landing/saas-2/steps/02-dark.png]
[around.createx.studio/assets/img/landing/saas-2/steps/03-light.png]
[around.createx.studio/assets/img/landing/saas-2/steps/03-dark.png]
[around.createx.studio/assets/img/avatar/30.jpg]
[around.createx.studio/assets/img/avatar/31.jpg]
[around.createx.studio/assets/img/avatar/32.jpg]
[around.createx.studio/assets/img/landing/saas-2/tools/circle-gray-1.png]
[around.createx.studio/assets/img/landing/saas-2/tools/circle-light-1.png]
[around.createx.studio/assets/img/landing/saas-2/tools/circle-gray-2.png]
[around.createx.studio/assets/img/landing/saas-2/tools/circle-light-2.png]
[around.createx.studio/assets/img/landing/saas-2/tools/icon-1.png]
[around.createx.studio/assets/img/landing/saas-2/tools/icon-2.png]
[around.createx.studio/assets/img/landing/saas-2/tools/icon-3.png]
[around.createx.studio/assets/img/landing/saas-2/tools/icon-4.png]
[around.createx.studio/assets/img/landing/saas-2/tools/icon-5.png]
[around.createx.studio/assets/img/landing/saas-2/tools/icon-6.png]
[around.createx.studio/assets/img/landing/saas-2/tools/icon-7.png]
[around.createx.studio/assets/img/landing/saas-2/tools/icon-8.png]
[around.createx.studio/assets/img/landing/saas-2/tools/icon-9.png]
[around.createx.studio/assets/img/landing/saas-2/resources/01.jpg]
[around.createx.studio/assets/img/landing/saas-2/resources/02.jpg]
[around.createx.studio/assets/img/landing/saas-2/resources/03.jpg]
[around.createx.studio/assets/img/landing/saas-2/dash-light.png]
[around.createx.studio/assets/img/landing/saas-2/dash-dark.png]
[around.createx.studio/landing-saas-v2.html]
[around.createx.studio/assets/img/landing/saas-3/hero/01-light.png]
[around.createx.studio/assets/img/landing/saas-3/hero/01-dark.png]
[around.createx.studio/assets/img/landing/saas-3/hero/02-light.png]
[around.createx.studio/assets/img/landing/saas-3/hero/02-dark.png]
[around.createx.studio/assets/img/landing/saas-3/hero/03-light.png]
[around.createx.studio/assets/img/landing/saas-3/hero/03-dark.png]
[around.createx.studio/assets/img/landing/saas-3/hero/04-light.png]
[around.createx.studio/assets/img/landing/saas-3/hero/04-dark.png]
[around.createx.studio/assets/img/landing/saas-3/comparison/light-mode.jpg]
[around.createx.studio/assets/img/landing/saas-3/comparison/dark-mode-light.jpg]
[around.createx.studio/assets/img/landing/saas-3/comparison/dark-mode-dark.jpg]
[around.createx.studio/assets/img/avatar/44.jpg]
[around.createx.studio/assets/img/avatar/45.jpg]
[around.createx.studio/assets/img/avatar/46.jpg]
[around.createx.studio/assets/img/avatar/47.jpg]
[around.createx.studio/assets/img/avatar/48.jpg]
[around.createx.studio/assets/img/avatar/49.jpg]
[around.createx.studio/assets/img/landing/saas-3/mobile-app-light.jpg]
[around.createx.studio/assets/img/landing/saas-3/mobile-app-dark.jpg]
[around.createx.studio/assets/img/landing/saas-3/tools/slack.svg]
[around.createx.studio/assets/img/landing/saas-3/tools/gmail.svg]
[around.createx.studio/assets/img/landing/saas-3/tools/mailchimp.svg]
[around.createx.studio/landing-saas-v3.html]
[around.createx.studio/assets/img/landing/saas-3/tools/evernote.svg]
[around.createx.studio/assets/img/landing/saas-4/hero-bg-pattern.png]
[around.createx.studio/assets/img/landing/saas-4/categories/ecommerce.jpg]
[around.createx.studio/assets/img/landing/saas-4/categories/transportation.jpg]
[around.createx.studio/assets/img/landing/saas-4/categories/marketing.jpg]
[around.createx.studio/assets/img/landing/saas-4/categories/robotics.jpg]
[around.createx.studio/assets/img/landing/saas-4/categories/programming.jpg]
[around.createx.studio/assets/img/landing/saas-4/use-cases/data-analysis/line-chart-light.png]
[around.createx.studio/assets/img/landing/saas-4/use-cases/data-analysis/line-chart-dark.png]
[around.createx.studio/assets/img/landing/saas-4/use-cases/data-analysis/bar-chart-light.png]
[around.createx.studio/assets/img/landing/saas-4/use-cases/data-analysis/bar-chart-dark.png]
[around.createx.studio/assets/img/landing/saas-4/use-cases/data-analysis/donut-chart-light.png]
[around.createx.studio/assets/img/landing/saas-4/use-cases/data-analysis/donut-chart-dark.png]
[around.createx.studio/assets/img/landing/saas-4/use-cases/task-automation/circle-1.png]
[around.createx.studio/assets/img/landing/saas-4/use-cases/task-automation/circle-2.png]
[around.createx.studio/assets/img/landing/saas-4/use-cases/task-automation/circle-3.png]
[around.createx.studio/assets/img/landing/saas-4/use-cases/chat-bot/window-light.png]
[around.createx.studio/assets/img/landing/saas-4/use-cases/chat-bot/window-dark.png]
[around.createx.studio/assets/img/landing/saas-4/use-cases/chat-bot/message1-light.png]
[around.createx.studio/assets/img/landing/saas-4/use-cases/chat-bot/message1-dark.png]
[around.createx.studio/assets/img/landing/saas-4/use-cases/chat-bot/message2-light.png]
[around.createx.studio/assets/img/landing/saas-4/use-cases/chat-bot/message2-dark.png]
[around.createx.studio/assets/img/landing/saas-4/use-cases/chat-bot/message3-light.png]
[around.createx.studio/assets/img/landing/saas-4/use-cases/chat-bot/message3-dark.png]
[around.createx.studio/assets/img/landing/saas-4/map.png]
[around.createx.studio/assets/img/landing/saas-4/video-cover-light.jpg]
[around.createx.studio/assets/img/landing/saas-4/video-cover-dark.png]
[around.createx.studio/assets/img/landing/saas-4/integrations/envato-light.svg]
[around.createx.studio/assets/img/landing/saas-4/integrations/envato-dark.svg]
[around.createx.studio/assets/img/avatar/50.jpg]
[around.createx.studio/assets/img/landing/saas-4/integrations/firefox-light.svg]
[around.createx.studio/assets/img/landing/saas-4/integrations/firefox-dark.svg]
[around.createx.studio/assets/img/landing/saas-4/integrations/magento-light.svg]
[around.createx.studio/assets/img/landing/saas-4/integrations/magento-dark.svg]
[around.createx.studio/assets/img/avatar/51.jpg]
[around.createx.studio/assets/img/landing/saas-4/integrations/pingdom-light.svg]
[around.createx.studio/assets/img/landing/saas-4/integrations/pingdom-dark.svg]
[around.createx.studio/assets/img/avatar/52.jpg]
[around.createx.studio/assets/img/landing/saas-4/integrations/woocommerce-light.svg]
[around.createx.studio/assets/img/landing/saas-4/integrations/woocommerce-dark.svg]
[around.createx.studio/assets/img/landing/saas-4/integrations/shopify-light.svg]
[around.createx.studio/assets/img/landing/saas-4/integrations/shopify-dark.svg]
[around.createx.studio/assets/img/landing/saas-4/integrations/laravel.svg]
[around.createx.studio/assets/img/landing/saas-4/integrations/vite-light.svg]
[around.createx.studio/assets/img/landing/saas-4/integrations/vite-dark.svg]
[around.createx.studio/assets/img/landing/saas-4/integrations/angular-light.svg]
[around.createx.studio/assets/img/landing/saas-4/integrations/angular-dark.svg]
[around.createx.studio/assets/img/landing/saas-4/pricing-bg-pattern.png]
[around.createx.studio/assets/vendor/imagesloaded/imagesloaded.pkgd.min.js]
[around.createx.studio/assets/vendor/shufflejs/dist/shuffle.min.js]
[around.createx.studio/landing-saas-v4.html]
[around.createx.studio/assets/vendor/jarallax/dist/jarallax.min.js]
[around.createx.studio/assets/img/shop/cart/01.png]
[around.createx.studio/assets/img/landing/shop-1/instagram/02.jpg]
[around.createx.studio/assets/img/shop/cart/02.png]
[around.createx.studio/assets/img/shop/cart/03.png]
[around.createx.studio/assets/img/landing/shop-1/hero/bg.jpg]
[around.createx.studio/assets/img/landing/shop-1/hero/01.png]
[around.createx.studio/assets/img/landing/shop-1/hero/02.png]
[around.createx.studio/assets/img/landing/shop-1/hero/03.png]
[around.createx.studio/assets/img/landing/shop-1/hero/04.png]
[around.createx.studio/assets/img/landing/shop-1/hero/05.png]
[around.createx.studio/assets/img/shop/categories/01.jpg]
[around.createx.studio/assets/img/shop/categories/02.jpg]
[around.createx.studio/assets/img/shop/categories/03.jpg]
[around.createx.studio/assets/img/shop/categories/04.jpg]
[around.createx.studio/assets/img/shop/products/01.png]
[around.createx.studio/assets/img/shop/products/02.png]
[around.createx.studio/assets/img/shop/products/03.png]
[around.createx.studio/assets/img/shop/products/09.png]
[around.createx.studio/assets/img/shop/products/06.png]
[around.createx.studio/assets/img/landing/shop-1/collections/bg01.jpg]
[around.createx.studio/assets/img/landing/shop-1/collections/bg02.jpg]
[around.createx.studio/assets/img/landing/shop-1/collections/th01.png]
[around.createx.studio/assets/img/landing/shop-1/collections/th02.png]
[around.createx.studio/assets/img/landing/shop-1/gallery/01.jpg]
[around.createx.studio/assets/img/landing/shop-1/gallery/02.jpg]
[around.createx.studio/assets/img/landing/shop-1/gallery/03.jpg]
[around.createx.studio/assets/img/landing/shop-1/gallery/04.jpg]
[around.createx.studio/assets/img/landing/shop-1/banner-2.png]
[around.createx.studio/assets/img/landing/shop-1/banner-1.png]
[around.createx.studio/assets/img/landing/shop-1/blog/01.jpg]
[around.createx.studio/assets/img/landing/shop-1/blog/02.jpg]
[around.createx.studio/assets/img/landing/shop-1/blog/03.jpg]
[around.createx.studio/assets/img/landing/shop-1/instagram/01.jpg]
[around.createx.studio/assets/img/landing/shop-1/instagram/03.jpg]
[around.createx.studio/assets/img/landing/shop-1/instagram/04.jpg]
[around.createx.studio/assets/img/landing/shop-1/instagram/05.jpg]
[around.createx.studio/assets/img/landing/shop-1/instagram/06.jpg]
[around.createx.studio/+15262200459.1ab.delayed]
[around.createx.studio/assets/img/flags/en.png]
[around.createx.studio/assets/img/flags/fr.png]
[around.createx.studio/assets/img/flags/de.png]
[around.createx.studio/assets/img/flags/it.png]
[around.createx.studio/assets/img/shop/footer-cards.png]
[around.createx.studio/landing-shop-v1.html]
[around.createx.studio/assets/vendor/timezz/dist/timezz.js]
[around.createx.studio/assets/vendor/simplebar/dist/simplebar.min.css]
[around.createx.studio/assets/img/landing/shop-2/hero-cta.jpg]
[around.createx.studio/assets/img/landing/shop-2/hero-img.png]
[around.createx.studio/assets/img/landing/shop-2/products/01.png]
[around.createx.studio/assets/img/landing/shop-2/products/02.png]
[around.createx.studio/assets/img/landing/shop-2/products/03.png]
[around.createx.studio/assets/img/landing/shop-2/gallery/01.jpg]
[around.createx.studio/assets/img/landing/shop-2/gallery/02.jpg]
[around.createx.studio/assets/img/landing/shop-2/gallery/03.jpg]
[around.createx.studio/assets/img/landing/shop-2/gallery/04.jpg]
[around.createx.studio/assets/img/landing/shop-2/gallery/05.jpg]
[around.createx.studio/assets/img/landing/shop-2/gallery/06.jpg]
[around.createx.studio/assets/img/landing/shop-2/awards/01.png]
[around.createx.studio/assets/img/landing/shop-2/awards/02.png]
[around.createx.studio/assets/img/landing/shop-2/awards/03-light.png]
[around.createx.studio/assets/img/landing/shop-2/awards/03-dark.png]
[around.createx.studio/assets/img/landing/shop-2/awards/04.png]
[around.createx.studio/assets/img/landing/shop-2/cta-bg.jpg]
[around.createx.studio/assets/img/landing/shop-2/benefits/vegan.svg]
[around.createx.studio/assets/img/landing/shop-2/benefits/natural.svg]
[around.createx.studio/assets/img/landing/shop-2/benefits/love.svg]
[around.createx.studio/assets/img/landing/shop-2/popular/preview.jpg]
[around.createx.studio/assets/img/landing/shop-2/popular/th01.png]
[around.createx.studio/assets/img/landing/shop-2/popular/th02.png]
[around.createx.studio/assets/img/landing/shop-2/popular/th03.png]
[around.createx.studio/assets/img/landing/shop-2/popular/th04.png]
[around.createx.studio/assets/img/landing/shop-2/popular/th05.png]
[around.createx.studio/assets/img/landing/shop-2/popular/th06.png]
[around.createx.studio/assets/img/landing/shop-2/instagram/01.jpg]
[around.createx.studio/assets/img/landing/shop-2/instagram/02.jpg]
[around.createx.studio/assets/img/landing/shop-2/instagram/03.jpg]
[around.createx.studio/assets/img/landing/shop-2/instagram/04.jpg]
[around.createx.studio/assets/img/landing/shop-2/instagram/05.jpg]
[around.createx.studio/assets/img/landing/shop-2/instagram/06.jpg]
[around.createx.studio/assets/img/landing/shop-2/instagram/07.jpg]
[around.createx.studio/assets/img/landing/shop-2/instagram/08.jpg]
[around.createx.studio/landing-shop-v2.html]
[around.createx.studio/assets/vendor/simplebar/dist/simplebar.min.js]
[around.createx.studio/assets/img/landing/marketing-agency/hero/avatar.jpg]
[around.createx.studio/assets/img/landing/marketing-agency/hero/video.mp4]
[around.createx.studio/assets/img/landing/marketing-agency/hero/shape02.svg]
[around.createx.studio/assets/img/landing/marketing-agency/hero/shape04.svg]
[around.createx.studio/assets/img/landing/marketing-agency/tools/bing.svg]
[around.createx.studio/assets/img/landing/marketing-agency/tools/facebook.svg]
[around.createx.studio/assets/img/landing/marketing-agency/tools/microsoft-dark.svg]
[around.createx.studio/assets/img/landing/marketing-agency/tools/microsoft-light.svg]
[around.createx.studio/assets/img/landing/marketing-agency/tools/google.svg]
[around.createx.studio/assets/img/landing/marketing-agency/tools/google-ads-dark.svg]
[around.createx.studio/assets/img/landing/marketing-agency/tools/google-ads-light.svg]
[around.createx.studio/assets/img/landing/marketing-agency/tools/admitad-dark.svg]
[around.createx.studio/assets/img/landing/marketing-agency/tools/admitad-light.svg]
[around.createx.studio/assets/img/landing/marketing-agency/tools/google-analytics-dark.svg]
[around.createx.studio/assets/img/landing/marketing-agency/tools/google-analytics-light.svg]
[around.createx.studio/assets/img/landing/marketing-agency/tools/instagram-dark.svg]
[around.createx.studio/assets/img/landing/marketing-agency/tools/instagram-light.svg]
[around.createx.studio/assets/img/landing/marketing-agency/tools/tiktok-dark.svg]
[around.createx.studio/assets/img/landing/marketing-agency/tools/tiktok-light.svg]
[around.createx.studio/assets/img/landing/marketing-agency/about/01.png]
[around.createx.studio/assets/img/landing/marketing-agency/about/02.png]
[around.createx.studio/assets/img/landing/marketing-agency/case-studies/01.jpg]
[around.createx.studio/assets/img/landing/marketing-agency/case-studies/02.jpg]
[around.createx.studio/assets/img/landing/marketing-agency/case-studies/03.jpg]
[around.createx.studio/assets/img/landing/creative-agency/team/02.jpg]
[around.createx.studio/assets/img/landing/creative-agency/team/01.jpg]
[around.createx.studio/assets/img/landing/creative-agency/team/06.jpg]
[around.createx.studio/assets/img/landing/creative-agency/team/04.jpg]
[around.createx.studio/assets/img/landing/creative-agency/team/03.jpg]
[around.createx.studio/assets/img/landing/creative-agency/team/05.jpg]
[around.createx.studio/assets/img/avatar/10.jpg]
[around.createx.studio/assets/img/avatar/07.jpg]
[around.createx.studio/assets/img/avatar/09.jpg]
[around.createx.studio/landing-marketing-agency.html]
[around.createx.studio/assets/img/brands/clutch-rating-dark.svg]
[around.createx.studio/assets/img/brands/clutch-rating-light.svg]
[around.createx.studio/assets/img/landing/creative-agency/services/01.jpg]
[around.createx.studio/assets/img/landing/creative-agency/services/02.jpg]
[around.createx.studio/assets/img/landing/creative-agency/services/04.jpg]
[around.createx.studio/assets/img/landing/creative-agency/services/03.jpg]
[around.createx.studio/assets/img/portfolio/grid/07.jpg]
[around.createx.studio/assets/img/portfolio/grid/08.jpg]
[around.createx.studio/assets/img/portfolio/grid/09.jpg]
[around.createx.studio/assets/img/portfolio/grid/10.jpg]
[around.createx.studio/assets/img/portfolio/grid/11.jpg]
[around.createx.studio/assets/img/portfolio/grid/12.jpg]
[around.createx.studio/assets/img/brands/starcraft-dark.svg]
[around.createx.studio/assets/img/brands/starcraft-light.svg]
[around.createx.studio/assets/img/brands/auchan.svg]
[around.createx.studio/assets/img/brands/klinos.svg]
[around.createx.studio/assets/img/brands/suzuki.svg]
[around.createx.studio/assets/img/brands/airbnb.svg]
[around.createx.studio/assets/img/brands/careem.svg]
[around.createx.studio/assets/img/brands/puma-dark.svg]
[around.createx.studio/assets/img/brands/puma-light.svg]
[around.createx.studio/assets/img/brands/heineken.svg]
[around.createx.studio/assets/img/brands/champion-dark.svg]
[around.createx.studio/assets/img/brands/champion-light.svg]
[around.createx.studio/landing-creative-agency.html]
[around.createx.studio/assets/img/brands/foster.svg]
[around.createx.studio/assets/img/landing/conference/noise.png]
[around.createx.studio/assets/img/landing/conference/hero/th02.jpg]
[around.createx.studio/assets/img/landing/conference/hero/th03.jpg]
[around.createx.studio/assets/img/landing/conference/hero/01.jpg]
[around.createx.studio/assets/img/landing/conference/hero/02.jpg]
[around.createx.studio/assets/img/landing/conference/hero/03.jpg]
[around.createx.studio/assets/img/avatar/36.jpg]
[around.createx.studio/assets/img/avatar/37.jpg]
[around.createx.studio/assets/img/avatar/38.jpg]
[around.createx.studio/assets/img/avatar/39.jpg]
[around.createx.studio/assets/img/avatar/40.jpg]
[around.createx.studio/assets/img/avatar/41.jpg]
[around.createx.studio/assets/img/avatar/42.jpg]
[around.createx.studio/assets/img/avatar/43.jpg]
[around.createx.studio/assets/img/landing/conference/sponsors/envato-dark.svg]
[around.createx.studio/assets/img/landing/conference/sponsors/envato-light.svg]
[around.createx.studio/assets/img/landing/conference/sponsors/angular-dark.svg]
[around.createx.studio/assets/img/landing/conference/sponsors/angular-light.svg]
[around.createx.studio/assets/img/landing/conference/sponsors/pingdom-dark.svg]
[around.createx.studio/assets/img/landing/conference/sponsors/pingdom-light.svg]
[around.createx.studio/assets/img/landing/conference/sponsors/woocommerce-dark.svg]
[around.createx.studio/assets/img/landing/conference/sponsors/woocommerce-light.svg]
[around.createx.studio/assets/img/landing/conference/sponsors/magento-dark.svg]
[around.createx.studio/assets/img/landing/conference/sponsors/magento-light.svg]
[around.createx.studio/assets/img/landing/conference/sponsors/bootstrap-dark.svg]
[around.createx.studio/assets/img/landing/conference/sponsors/bootstrap-light.svg]
[around.createx.studio/assets/img/landing/conference/sponsors/laravel-dark.svg]
[around.createx.studio/assets/img/landing/conference/sponsors/laravel-light.svg]
[around.createx.studio/assets/img/landing/conference/sponsors/react-dark.svg]
[around.createx.studio/assets/img/landing/conference/sponsors/react-light.svg]
[around.createx.studio/assets/img/avatar/05.jpg]
[around.createx.studio/assets/img/avatar/08.jpg]
[around.createx.studio/assets/img/avatar/12.jpg]
[around.createx.studio/assets/img/avatar/06.jpg]
[around.createx.studio/assets/img/avatar/19.jpg]
[around.createx.studio/assets/img/avatar/23.jpg]
[around.createx.studio/assets/img/avatar/26.jpg]
[around.createx.studio/assets/img/avatar/27.jpg]
[around.createx.studio/assets/img/avatar/28.jpg]
[around.createx.studio/assets/img/avatar/24.jpg]
[around.createx.studio/assets/img/avatar/22.jpg]
[around.createx.studio/assets/img/landing/conference/gallery/01.jpg]
[around.createx.studio/assets/img/landing/conference/gallery/th01.jpg]
[around.createx.studio/assets/img/landing/conference/gallery/02.jpg]
[around.createx.studio/assets/img/landing/conference/gallery/th02.jpg]
[around.createx.studio/assets/img/landing/conference/gallery/th05.jpg]
[around.createx.studio/assets/img/landing/conference/gallery/03.jpg]
[around.createx.studio/assets/img/landing/conference/gallery/th03.jpg]
[around.createx.studio/assets/img/landing/conference/gallery/04.jpg]
[around.createx.studio/assets/img/landing/conference/gallery/th04.jpg]
[around.createx.studio/assets/img/landing/conference/gallery/th06.jpg]
[around.createx.studio/assets/vendor/lightgallery/plugins/fullscreen/lg-fullscreen.min.js]
[around.createx.studio/landing-conference.html]
[around.createx.studio/assets/vendor/lightgallery/plugins/zoom/lg-zoom.min.js]
[around.createx.studio/assets/img/landing/web-studio/hero-wave.png]
[around.createx.studio/assets/img/brands/deloitte-dark.svg]
[around.createx.studio/assets/img/brands/deloitte-light.svg]
[around.createx.studio/assets/img/brands/vuejs-dark.svg]
[around.createx.studio/assets/img/brands/vuejs-light.svg]
[around.createx.studio/assets/img/brands/awwwards-dark.svg]
[around.createx.studio/assets/img/brands/awwwards-light.svg]
[around.createx.studio/assets/img/brands/clutch-dark.svg]
[around.createx.studio/assets/img/brands/clutch-light.svg]
[around.createx.studio/assets/img/landing/web-studio/industries/01.jpg]
[around.createx.studio/assets/img/landing/web-studio/industries/02.jpg]
[around.createx.studio/assets/img/landing/web-studio/industries/03.jpg]
[around.createx.studio/assets/img/landing/web-studio/industries/04.jpg]
[around.createx.studio/assets/img/landing/web-studio/skills/python.svg]
[around.createx.studio/assets/img/portfolio/list/06.png]
[around.createx.studio/assets/img/portfolio/brands/champion-blue-dark.svg]
[around.createx.studio/assets/img/portfolio/brands/champion-blue-light.svg]
[around.createx.studio/assets/img/portfolio/brands/vuejs-dark.svg]
[around.createx.studio/assets/img/portfolio/brands/vuejs-light.svg]
[around.createx.studio/assets/img/portfolio/brands/deloitte-dark.svg]
[around.createx.studio/assets/img/portfolio/brands/deloitte-light.svg]
[around.createx.studio/assets/img/portfolio/list/07.png]
[around.createx.studio/assets/img/portfolio/brands/foster-green.svg]
[around.createx.studio/assets/img/portfolio/list/08.png]
[around.createx.studio/assets/img/portfolio/brands/boost.svg]
[around.createx.studio/assets/img/landing/web-studio/footer-wave.png]
[around.createx.studio/landing-web-studio.html]
[around.createx.studio/assets/img/landing/corporate/hero-bg.jpg]
[around.createx.studio/assets/img/landing/corporate/services/01.jpg]
[around.createx.studio/assets/img/landing/corporate/services/02.jpg]
[around.createx.studio/assets/img/landing/corporate/services/03.jpg]
[around.createx.studio/assets/img/landing/corporate/services/04.jpg]
[around.createx.studio/assets/img/landing/corporate/services/05.jpg]
[around.createx.studio/assets/img/landing/corporate/services/06.jpg]
[around.createx.studio/assets/img/landing/corporate/features/01.jpg]
[around.createx.studio/assets/img/landing/corporate/features/02.jpg]
[around.createx.studio/assets/img/landing/corporate/features/03.jpg]
[around.createx.studio/assets/img/landing/corporate/team/01.jpg]
[around.createx.studio/assets/img/landing/corporate/team/02.jpg]
[around.createx.studio/assets/img/landing/corporate/team/03.jpg]
[around.createx.studio/assets/img/landing/corporate/team/04.jpg]
[around.createx.studio/assets/img/landing/corporate/team/05.jpg]
[around.createx.studio/assets/img/landing/corporate/team/06.jpg]
[around.createx.studio/assets/img/landing/corporate/blog-img.jpg]
[around.createx.studio/landing-corporate.html]
[around.createx.studio/assets/img/landing/insurance/hero/google-reviews.png]
[around.createx.studio/assets/img/landing/insurance/hero/award.png]
[around.createx.studio/assets/img/landing/insurance/hero/bg-image.jpg]
[around.createx.studio/assets/img/landing/insurance/hero/clients-light.png]
[around.createx.studio/assets/img/landing/insurance/hero/clients-dark.png]
[around.createx.studio/assets/img/landing/insurance/partners/deloitte-light.svg]
[around.createx.studio/assets/img/landing/insurance/partners/deloitte-dark.svg]
[around.createx.studio/assets/img/landing/insurance/partners/airbnb.svg]
[around.createx.studio/assets/img/landing/insurance/partners/champion-light.svg]
[around.createx.studio/assets/img/landing/insurance/partners/champion-dark.svg]
[around.createx.studio/assets/img/landing/insurance/partners/times-light.svg]
[around.createx.studio/assets/img/landing/insurance/partners/times-dark.svg]
[around.createx.studio/assets/img/landing/insurance/partners/clutch-light.svg]
[around.createx.studio/assets/img/landing/insurance/partners/clutch-dark.svg]
[around.createx.studio/assets/img/landing/insurance/services/01.jpg]
[around.createx.studio/assets/img/landing/insurance/services/02.jpg]
[around.createx.studio/assets/img/landing/insurance/services/03.jpg]
[around.createx.studio/assets/img/landing/insurance/cta-bg.jpg]
[around.createx.studio/assets/img/landing/insurance/faq/staff-light.png]
[around.createx.studio/assets/img/landing/insurance/faq/staff-dark.png]
[around.createx.studio/assets/img/landing/insurance/faq/preview.jpg]
[around.createx.studio/landing-insurance.html]
[around.createx.studio/assets/img/landing/business-consulting/hero/01.png]
[around.createx.studio/assets/img/landing/business-consulting/hero/02.png]
[around.createx.studio/assets/img/landing/business-consulting/hero/03.png]
[around.createx.studio/assets/img/landing/business-consulting/industries/01.jpg]
[around.createx.studio/assets/img/landing/business-consulting/industries/02.jpg]
[around.createx.studio/assets/img/landing/business-consulting/industries/03.jpg]
[around.createx.studio/assets/img/landing/business-consulting/ceo.png]
[around.createx.studio/assets/img/avatar/25.jpg]
[around.createx.studio/assets/img/avatar/29.jpg]
[around.createx.studio/assets/img/landing/business-consulting/case-studies/01.png]
[around.createx.studio/assets/img/landing/business-consulting/case-studies/02.png]
[around.createx.studio/landing-business-consulting.html]
[around.createx.studio/assets/vendor/flatpickr/dist/flatpickr.min.css]
[around.createx.studio/assets/vendor/leaflet/dist/leaflet.css]
[around.createx.studio/assets/img/landing/coworking-space/parallax-image.jpg]
[around.createx.studio/assets/img/landing/coworking-space/gallery/01.jpg]
[around.createx.studio/assets/img/landing/coworking-space/gallery/th01.jpg]
[around.createx.studio/assets/img/landing/coworking-space/gallery/02.jpg]
[around.createx.studio/assets/img/landing/coworking-space/gallery/th02.jpg]
[around.createx.studio/assets/img/landing/coworking-space/gallery/03.jpg]
[around.createx.studio/assets/img/landing/coworking-space/gallery/th03.jpg]
[around.createx.studio/assets/img/landing/coworking-space/gallery/04.jpg]
[around.createx.studio/assets/img/landing/coworking-space/gallery/th04.jpg]
[around.createx.studio/assets/img/landing/coworking-space/gallery/05.jpg]
[around.createx.studio/assets/img/landing/coworking-space/gallery/th05.jpg]
[around.createx.studio/assets/img/landing/coworking-space/features/01.jpg]
[around.createx.studio/assets/img/landing/coworking-space/features/02.png]
[around.createx.studio/assets/img/landing/coworking-space/features/circles-dark.png]
[around.createx.studio/assets/img/landing/coworking-space/features/circles-light.png]
[around.createx.studio/assets/img/landing/coworking-space/features/03.jpg]
[around.createx.studio/assets/vendor/flatpickr/dist/flatpickr.min.js]
[around.createx.studio/assets/vendor/lightgallery/plugins/thumbnail/lg-thumbnail.min.js]
[around.createx.studio/landing-coworking-space.html]
[around.createx.studio/assets/vendor/leaflet/dist/leaflet.js]
[around.createx.studio/assets/img/landing/yoga-studio/hero/01.jpg]
[around.createx.studio/assets/img/landing/yoga-studio/hero/02.jpg]
[around.createx.studio/assets/img/landing/yoga-studio/hero/03.jpg]
[around.createx.studio/assets/img/landing/yoga-studio/features/spa-area.jpg]
[around.createx.studio/assets/img/landing/yoga-studio/features/changing-room.jpg]
[around.createx.studio/assets/img/landing/yoga-studio/features/free-lessons.jpg]
[around.createx.studio/assets/img/landing/yoga-studio/features/lounge-cafe.jpg]
[around.createx.studio/assets/img/landing/yoga-studio/features/bright-halls.jpg]
[around.createx.studio/assets/img/landing/yoga-studio/features/free-rugs.jpg]
[around.createx.studio/assets/img/landing/yoga-studio/features/flower.svg]
[around.createx.studio/assets/img/landing/yoga-studio/classes/beginners.jpg]
[around.createx.studio/assets/img/landing/yoga-studio/classes/stretching.jpg]
[around.createx.studio/assets/img/landing/yoga-studio/classes/fly-yoga.jpg]
[around.createx.studio/assets/img/landing/yoga-studio/classes/for-pregnant.jpg]
[around.createx.studio/assets/img/landing/yoga-studio/classes/healthy-back.jpg]
[around.createx.studio/assets/img/landing/yoga-studio/classes/relax-yoga.jpg]
[around.createx.studio/assets/img/landing/yoga-studio/trainers/01.jpg]
[around.createx.studio/assets/img/landing/yoga-studio/trainers/02.jpg]
[around.createx.studio/assets/img/landing/yoga-studio/trainers/03.jpg]
[around.createx.studio/assets/img/landing/yoga-studio/trainers/04.jpg]
[around.createx.studio/assets/img/landing/yoga-studio/trainers/05.jpg]
[around.createx.studio/assets/img/landing/yoga-studio/trainers/06.jpg]
[around.createx.studio/assets/img/landing/yoga-studio/trainers/07.jpg]
[around.createx.studio/assets/img/landing/yoga-studio/trainers/08.jpg]
[around.createx.studio/assets/img/landing/yoga-studio/cta/bg.svg]
[around.createx.studio/assets/img/landing/yoga-studio/cta/image.png]
[around.createx.studio/assets/img/landing/yoga-studio/instagram/01.jpg]
[around.createx.studio/assets/img/landing/yoga-studio/instagram/02.jpg]
[around.createx.studio/assets/img/landing/yoga-studio/instagram/04.jpg]
[around.createx.studio/assets/img/landing/yoga-studio/instagram/05.jpg]
[around.createx.studio/assets/img/landing/yoga-studio/instagram/03.jpg]
[around.createx.studio/assets/vendor/@fullcalendar/core/index.global.min.js]
[around.createx.studio/assets/vendor/@fullcalendar/daygrid/index.global.min.js]
[around.createx.studio/assets/vendor/@fullcalendar/list/index.global.min.js]
[around.createx.studio/assets/vendor/@fullcalendar/timegrid/index.global.min.js]
[around.createx.studio/landing-yoga-studio.html]
[around.createx.studio/assets/vendor/@fullcalendar/bootstrap5/index.global.min.js]
[around.createx.studio/assets/img/landing/influencer/hero.png]
[around.createx.studio/assets/img/landing/influencer/features.jpg]
[around.createx.studio/assets/img/landing/influencer/achievements-dark.svg]
[around.createx.studio/assets/img/landing/influencer/achievements-light.svg]
[around.createx.studio/assets/img/landing/influencer/guides/01.jpg]
[around.createx.studio/assets/img/landing/influencer/guides/02.jpg]
[around.createx.studio/assets/img/landing/influencer/guides/03.jpg]
[around.createx.studio/assets/img/avatar/11.jpg]
[around.createx.studio/assets/img/landing/influencer/testimonials/01.png]
[around.createx.studio/assets/img/landing/influencer/testimonials/02.png]
[around.createx.studio/assets/img/landing/influencer/cta.png]
[around.createx.studio/assets/img/landing/influencer/instagram/01.jpg]
[around.createx.studio/assets/img/landing/influencer/instagram/02.jpg]
[around.createx.studio/assets/img/landing/influencer/instagram/03.jpg]
[around.createx.studio/assets/img/landing/influencer/instagram/04.jpg]
[around.createx.studio/assets/img/landing/influencer/instagram/05.jpg]
[around.createx.studio/assets/img/landing/influencer/instagram/06.jpg]
[around.createx.studio/assets/img/landing/influencer/instagram/07.jpg]
[around.createx.studio/assets/img/landing/influencer/instagram/08.jpg]
[around.createx.studio/landing-influencer.html]
[around.createx.studio/assets/img/landing/blog/01.jpg]
[around.createx.studio/assets/img/landing/blog/02.jpg]
[around.createx.studio/assets/img/landing/blog/03.jpg]
[around.createx.studio/assets/img/blog/grid/01.jpg]
[around.createx.studio/assets/img/blog/grid/02.jpg]
[around.createx.studio/assets/img/blog/grid/03.jpg]
[around.createx.studio/assets/img/blog/grid/04.jpg]
[around.createx.studio/assets/img/blog/grid/05.jpg]
[around.createx.studio/assets/img/blog/grid/06.jpg]
[around.createx.studio/assets/img/landing/blog/04.jpg]
[around.createx.studio/assets/img/landing/blog/authors/hover.svg]
[around.createx.studio/assets/img/landing/blog/authors/01.png]
[around.createx.studio/assets/img/landing/blog/authors/02.png]
[around.createx.studio/assets/img/landing/blog/authors/03.png]
[around.createx.studio/assets/img/landing/blog/authors/04.png]
[around.createx.studio/assets/img/landing/blog/authors/05.png]
[around.createx.studio/landing-blog.html]
[around.createx.studio/assets/img/portfolio/list/01.jpg]
[around.createx.studio/assets/img/portfolio/list/02.jpg]
[around.createx.studio/assets/img/portfolio/list/03.jpg]
[around.createx.studio/assets/img/portfolio/list/04.jpg]
[around.createx.studio/assets/img/portfolio/list/05.jpg]
[around.createx.studio/portfolio-list-v1.html]
[around.createx.studio/assets/img/portfolio/list/09.png]
[around.createx.studio/assets/img/portfolio/brands/champion-purple-dark.svg]
[around.createx.studio/assets/img/portfolio/brands/champion-purple-light.svg]
[around.createx.studio/assets/img/portfolio/brands/clutch-dark.svg]
[around.createx.studio/assets/img/portfolio/brands/clutch-light.svg]
[around.createx.studio/assets/img/portfolio/list/10.png]
[around.createx.studio/portfolio-list-v2.html]
[around.createx.studio/assets/img/portfolio/brands/foster-yellow.svg]
[around.createx.studio/assets/img/portfolio/grid/01.jpg]
[around.createx.studio/assets/img/portfolio/grid/02.jpg]
[around.createx.studio/assets/img/portfolio/grid/04.jpg]
[around.createx.studio/assets/img/portfolio/grid/03.jpg]
[around.createx.studio/assets/img/portfolio/grid/06.jpg]
[around.createx.studio/assets/img/portfolio/grid/05.jpg]
[around.createx.studio/portfolio-grid-v1.html]
[around.createx.studio/portfolio-grid-v2.html]
[around.createx.studio/assets/img/portfolio/slider/01.png]
[around.createx.studio/assets/img/portfolio/slider/02.png]
[around.createx.studio/assets/img/portfolio/slider/03.png]
[around.createx.studio/assets/img/portfolio/slider/04.png]
[around.createx.studio/portfolio-slider.html]
[around.createx.studio/assets/img/portfolio/brands/vintage-dark.svg]
[around.createx.studio/assets/img/portfolio/brands/vintage-light.svg]
[around.createx.studio/assets/img/portfolio/single/v1/01.jpg]
[around.createx.studio/assets/img/portfolio/single/v1/02.jpg]
[around.createx.studio/assets/img/portfolio/single/v1/03.jpg]
[around.createx.studio/assets/img/portfolio/single/v1/04.jpg]
[around.createx.studio/assets/img/portfolio/single/v1/05.jpg]
[around.createx.studio/assets/img/avatar/21.jpg]
[around.createx.studio/portfolio-single-v1.html]
[around.createx.studio/assets/img/portfolio/single/v2/01.png]
[around.createx.studio/assets/img/portfolio/single/v2/02.png]
[around.createx.studio/assets/img/portfolio/single/v2/04.png]
[around.createx.studio/assets/img/portfolio/single/v2/03.png]
[around.createx.studio/assets/img/portfolio/single/v2/05.png]
[around.createx.studio/assets/img/portfolio/single/v2/06.png]
[around.createx.studio/assets/img/portfolio/single/v2/07.png]
[around.createx.studio/assets/img/portfolio/single/v2/08.png]
[around.createx.studio/assets/img/portfolio/single/v2/09.png]
[around.createx.studio/assets/img/portfolio/single/v2/10.png]
[around.createx.studio/assets/img/portfolio/single/v2/parallax.jpg]
[around.createx.studio/portfolio-single-v2.html]
[around.createx.studio/assets/vendor/nouislider/dist/nouislider.min.css]
[around.createx.studio/assets/img/shop/banner.jpg]
[around.createx.studio/assets/img/shop/pattern/wood.jpg]
[around.createx.studio/assets/img/shop/pattern/marble.jpg]
[around.createx.studio/assets/img/shop/products/04.png]
[around.createx.studio/assets/img/shop/products/05.png]
[around.createx.studio/assets/img/shop/products/07.png]
[around.createx.studio/assets/img/shop/products/08.png]
[around.createx.studio/assets/img/shop/products/10.png]
[around.createx.studio/assets/img/shop/products/11.png]
[around.createx.studio/assets/img/shop/products/12.png]
[around.createx.studio/shop-catalog.html]
[around.createx.studio/assets/vendor/nouislider/dist/nouislider.min.js]
[around.createx.studio/assets/img/shop/single/gallery/01.png]
[around.createx.studio/assets/img/shop/single/gallery/th01.png]
[around.createx.studio/assets/img/shop/single/gallery/02.png]
[around.createx.studio/assets/img/shop/single/gallery/th02.png]
[around.createx.studio/assets/img/shop/single/gallery/03.png]
[around.createx.studio/assets/img/shop/single/01.jpg]
[around.createx.studio/assets/img/shop/single/02.jpg]
[around.createx.studio/shop-single.html]
[around.createx.studio/shop-checkout.html]
[around.createx.studio/assets/vendor/cleave.js/dist/cleave.min.js]
[around.createx.studio/assets/img/blog/sidebar/01.jpg]
[around.createx.studio/assets/img/blog/sidebar/02.jpg]
[around.createx.studio/assets/img/blog/sidebar/03.jpg]
[around.createx.studio/assets/img/blog/sidebar/banner.jpg]
[around.createx.studio/blog-grid-sidebar.html]
[around.createx.studio/blog-grid.html]
[around.createx.studio/assets/img/blog/list/01.jpg]
[around.createx.studio/assets/img/blog/list/02.jpg]
[around.createx.studio/assets/img/blog/list/03.jpg]
[around.createx.studio/assets/img/blog/list/04.jpg]
[around.createx.studio/assets/img/blog/list/05.jpg]
[around.createx.studio/blog-list-sidebar.html]
[around.createx.studio/blog-list.html]
[around.createx.studio/assets/img/avatar/03.jpg]
[around.createx.studio/assets/img/blog/single/cover.jpg]
[around.createx.studio/assets/img/blog/single/image.jpg]
[around.createx.studio/assets/img/blog/list/06.jpg]
[around.createx.studio/blog-single-v1.html]
[around.createx.studio/assets/img/avatar/04.jpg]
[around.createx.studio/blog-single-v2.html]
[around.createx.studio/blog-single-v3.html]
[around.createx.studio/assets/img/about/agency/parallax-image.jpg]
[around.createx.studio/assets/img/about/agency/steps-image.jpg]
[around.createx.studio/assets/img/avatar/33.jpg]
[around.createx.studio/assets/img/avatar/34.jpg]
[around.createx.studio/assets/img/avatar/35.jpg]
[around.createx.studio/assets/img/about/agency/gallery/01.jpg]
[around.createx.studio/assets/img/about/agency/gallery/02.jpg]
[around.createx.studio/assets/img/about/agency/gallery/03.jpg]
[around.createx.studio/assets/img/about/agency/gallery/04.jpg]
[around.createx.studio/assets/img/about/agency/gallery/05.jpg]
[around.createx.studio/assets/img/about/agency/gallery/06.jpg]
[around.createx.studio/about-agency.html]
[around.createx.studio/assets/img/about/product/hero/01-light.png]
[around.createx.studio/assets/img/about/product/hero/01-dark.png]
[around.createx.studio/assets/img/about/product/hero/02-light.png]
[around.createx.studio/assets/img/about/product/hero/02-dark.png]
[around.createx.studio/assets/img/about/product/hero/03-light.png]
[around.createx.studio/assets/img/about/product/hero/03-dark.png]
[around.createx.studio/assets/img/about/product/hero/04-light.png]
[around.createx.studio/assets/img/about/product/hero/04-dark.png]
[around.createx.studio/assets/img/about/product/hero/05-light.png]
[around.createx.studio/assets/img/about/product/hero/05-dark.png]
[around.createx.studio/assets/img/about/product/features/01.png]
[around.createx.studio/assets/img/about/product/features/02-light.png]
[around.createx.studio/assets/img/about/product/features/02-dark.png]
[around.createx.studio/assets/img/about/product/features/03.png]
[around.createx.studio/about-product.html]
[around.createx.studio/assets/img/services/v1/01.jpg]
[around.createx.studio/services-v1.html]
[around.createx.studio/services-v2.html]
[around.createx.studio/assets/img/services/v3/hero-bg.jpg]
[around.createx.studio/assets/img/services/v3/icons/cog-white.svg]
[around.createx.studio/assets/img/services/v3/01.jpg]
[around.createx.studio/assets/img/services/v3/icons/cloud-dark.svg]
[around.createx.studio/assets/img/services/v3/icons/cloud-light.svg]
[around.createx.studio/assets/img/services/v3/02.jpg]
[around.createx.studio/assets/img/services/v3/icons/cog-dark.svg]
[around.createx.studio/assets/img/services/v3/icons/cog-light.svg]
[around.createx.studio/assets/img/services/v3/03.jpg]
[around.createx.studio/services-v3.html]
[around.createx.studio/pricing.html]
[around.createx.studio/contacts-v1.html]
[around.createx.studio/contacts-v2.html]
[around.createx.studio/contacts-v3.html]
[around.createx.studio/assets/img/coming/girl.png]
[around.createx.studio/coming-soon-v1.html]
[around.createx.studio/assets/img/coming/lines.png]
[around.createx.studio/coming-soon-v2.html]
[around.createx.studio/assets/json/animation-404-light.json]
[around.createx.studio/404-v1.html]
[around.createx.studio/assets/json/animation-404-dark.json]
[around.createx.studio/assets/img/404/layer01.png]
[around.createx.studio/assets/img/404/layer02-light.png]
[around.createx.studio/assets/img/404/layer03-light.png]
[around.createx.studio/assets/img/404/layer03-dark.png]
[around.createx.studio/404-v2.html]
[around.createx.studio/assets/img/404/lamp-light.png]
[around.createx.studio/assets/img/404/lamp-dark.png]
[around.createx.studio/404-v3.html]
[around.createx.studio/assets/img/account/cover.jpg]
[around.createx.studio/account-signin.html]
[around.createx.studio/account-signup.html]
[around.createx.studio/account-signinup.html]
[around.createx.studio/account-password-recovery.html]
[around.createx.studio/assets/img/avatar/01.jpg]
[around.createx.studio/assets/img/avatar/02.jpg]
[around.createx.studio/assets/img/account/gift-icon.svg]
[around.createx.studio/assets/img/account/orders/01.png]
[around.createx.studio/assets/img/account/orders/02.png]
[around.createx.studio/assets/img/account/orders/03.png]
[around.createx.studio/assets/img/account/orders/04.png]
[around.createx.studio/assets/img/shop/cart/04.png]
[around.createx.studio/assets/img/shop/cart/05.png]
[around.createx.studio/assets/img/shop/cart/06.png]
[around.createx.studio/assets/img/account/orders/05.png]
[around.createx.studio/assets/img/account/orders/06.png]
[around.createx.studio/assets/img/shop/cart/07.png]
[around.createx.studio/account-overview.html]
[around.createx.studio/account-settings.html]
[around.createx.studio/account-billing.html]
[around.createx.studio/account-orders.html]
[around.createx.studio/assets/img/account/flags/usa.png]
[around.createx.studio/assets/img/account/flags/sweden.png]
[around.createx.studio/assets/img/account/flags/india.png]
[around.createx.studio/assets/img/account/flags/france.png]
[around.createx.studio/assets/img/account/flags/south-africa.png]
[around.createx.studio/account-earnings.html]
[around.createx.studio/assets/vendor/chart.js/dist/chart.umd.js]
[around.createx.studio/assets/img/avatar/20.jpg]
[around.createx.studio/account-chat.html]
[around.createx.studio/account-favorites.html]
[around.createx.studio/assets/vendor/prismjs/themes/prism.min.css]
[around.createx.studio/assets/vendor/prismjs/plugins/toolbar/prism-toolbar.min.css]
[around.createx.studio/components/icon-font.html]
[around.createx.studio/components/code.html]
[around.createx.studio/components/images.html]
[around.createx.studio/components/tables.html]
[around.createx.studio/components/accordion.html]
[around.createx.studio/components/alerts.html]
[around.createx.studio/components/badges.html]
[around.createx.studio/components/blog-components.html]
[around.createx.studio/components/breadcrumb.html]
[around.createx.studio/components/buttons.html]
[around.createx.studio/components/button-group.html]
[around.createx.studio/components/cards-basic.html]
[around.createx.studio/components/cards-hover.html]
[around.createx.studio/components/carousel.html]
[around.createx.studio/components/charts.html]
[around.createx.studio/components/collapse.html]
[around.createx.studio/components/countdown.html]
[around.createx.studio/components/date-picker.html]
[around.createx.studio/components/dropdowns.html]
[around.createx.studio/components/calendar.html]
[around.createx.studio/components/forms.html]
[around.createx.studio/components/gallery.html]
[around.createx.studio/components/hotspots.html]
[around.createx.studio/components/image-comparison-slider.html]
[around.createx.studio/components/input-group.html]
[around.createx.studio/components/list-group.html]
[around.createx.studio/components/maps.html]
[around.createx.studio/components/modal.html]
[around.createx.studio/components/navbar.html]
[around.createx.studio/components/offcanvas.html]
[around.createx.studio/components/pagination.html]
[around.createx.studio/components/parallax.html]
[around.createx.studio/components/pills.html]
[around.createx.studio/components/placeholders.html]
[around.createx.studio/components/popovers.html]
[around.createx.studio/components/portfolio-components.html]
[around.createx.studio/components/pricing.html]
[around.createx.studio/components/progress.html]
[around.createx.studio/components/shop-components.html]
[around.createx.studio/components/social-buttons.html]
[around.createx.studio/components/spinners.html]
[around.createx.studio/components/steps.html]
[around.createx.studio/components/tabs.html]
[around.createx.studio/components/team.html]
[around.createx.studio/components/testimonials.html]
[around.createx.studio/components/toasts.html]
[around.createx.studio/components/tooltips.html]
[around.createx.studio/components/video-popup.html]
[around.createx.studio/components/utilities.html]
[around.createx.studio/assets/vendor/prismjs/components/prism-core.min.js]
[around.createx.studio/assets/vendor/prismjs/components/prism-markup.min.js]
[around.createx.studio/assets/vendor/prismjs/components/prism-clike.min.js]
[around.createx.studio/assets/vendor/prismjs/plugins/toolbar/prism-toolbar.min.js]
[around.createx.studio/assets/vendor/prismjs/plugins/copy-to-clipboard/prism-copy-to-clipboard.min.js]
[around.createx.studio/components/typography.html]
[around.createx.studio/assets/vendor/prismjs/plugins/line-numbers/prism-line-numbers.min.js]
[around.createx.studio/docs/typography.3c5.delayed]
[around.createx.studio/docs/dev-setup.html]
[around.createx.studio/docs/npm-scripts.html]
[around.createx.studio/docs/project-structure.html]
[around.createx.studio/docs/configuration-files.html]
[around.createx.studio/docs/install-vendor-plugin.html]
[around.createx.studio/docs/using-scss.html]
[around.createx.studio/docs/autoprefixer.html]
[around.createx.studio/docs/color-modes.html]
[around.createx.studio/docs/global-colors.html]
[around.createx.studio/docs/components.html]
[around.createx.studio/docs/utilities.html]
[around.createx.studio/docs/ui-icons.html]
[around.createx.studio/docs/mailchimp.html]
[around.createx.studio/docs/credits.html]
[around.createx.studio/docs/getting-started.html]
[around.createx.studio/transparent.html]
[around.createx.studio/assets/img/landing/intro/customizer/colors-light.svg]
[around.createx.studio/assets/img/landing/intro/customizer/colors-dark.svg]
[around.createx.studio/assets/img/landing/intro/customizer/typography-light.svg]
[around.createx.studio/assets/img/landing/intro/customizer/typography-dark.svg]
[around.createx.studio/assets/img/landing/intro/customizer/borders-light.svg]
[around.createx.studio/assets/img/landing/intro/customizer/borders-dark.svg]
[around.createx.studio/assets/vendor/swiper/swiper-bundle.min.css]
[around.createx.studio/assets/img/market/appstore-light.svg]
[around.createx.studio/assets/img/market/appstore-dark.svg]
[around.createx.studio/assets/img/market/googleplay-light.svg]
[around.createx.studio/assets/img/market/googleplay-dark.svg]
[around.createx.studio/assets/img/landing/business-consulting/clients/04-dark.svg]
[around.createx.studio/assets/img/landing/business-consulting/clients/04-light.svg]
[around.createx.studio/assets/img/landing/business-consulting/clients/01-dark.svg]
[around.createx.studio/assets/img/landing/business-consulting/clients/01-light.svg]
[around.createx.studio/assets/img/landing/business-consulting/clients/02-dark.svg]
[around.createx.studio/assets/img/landing/business-consulting/clients/02-light.svg]
[around.createx.studio/assets/img/landing/business-consulting/clients/03-dark.svg]
[around.createx.studio/assets/img/landing/business-consulting/clients/03-light.svg]
[around.createx.studio/assets/img/landing/business-consulting/clients/05-dark.svg]
[around.createx.studio/assets/img/landing/business-consulting/clients/05-light.svg]
[around.createx.studio/assets/img/landing/business-consulting/clients/06-dark.svg]
[around.createx.studio/assets/img/landing/business-consulting/clients/06-light.svg]
[around.createx.studio/docs/changelog.html]
[around.createx.studio/assets/vendor/lightgallery/fonts/lgb687.woff2]
[around.createx.studio/assets/vendor/lightgallery/fonts/lgb687.ttf]
[around.createx.studio/assets/vendor/lightgallery/fonts/lgb687.woff]
[around.createx.studio/assets/vendor/lightgallery/fonts/lgb687.svg]
[around.createx.studio/assets/vendor/lightgallery/images/loading.gif]
[around.createx.studio/assets/vendor/lightgallery/css/lightgallery-bundle.min.css]
[around.createx.studio/assets/img/landing/product/soundwave.svg]
[around.createx.studio/assets/img/landing/saas-1/brands/clutch-dark.svg]
[around.createx.studio/assets/img/landing/saas-1/brands/clutch-light.svg]
[around.createx.studio/assets/img/landing/saas-1/brands/product-hunt.svg]
[around.createx.studio/assets/img/landing/saas-1/brands/capterra.svg]
[around.createx.studio/assets/img/landing/saas-1/pricing/starter.svg]
[around.createx.studio/assets/img/landing/saas-1/pricing/business.svg]
[around.createx.studio/assets/img/landing/saas-1/pricing/premium.svg]
[around.createx.studio/assets/img/landing/saas-1/brands/foster-color.svg]
[around.createx.studio/assets/img/landing/saas-1/brands/foster-gray.svg]
[around.createx.studio/assets/img/landing/saas-1/brands/foster-light.svg]
[around.createx.studio/assets/img/landing/saas-1/brands/klinos-color.svg]
[around.createx.studio/assets/img/landing/saas-1/brands/klinos-gray.svg]
[around.createx.studio/assets/img/landing/saas-1/brands/klinos-light.svg]
[around.createx.studio/assets/img/landing/saas-1/brands/champion-color.svg]
[around.createx.studio/assets/img/landing/saas-1/brands/champion-gray.svg]
[around.createx.studio/assets/img/landing/saas-1/brands/champion-light.svg]
[around.createx.studio/assets/img/landing/saas-1/brands/airbnb-color.svg]
[around.createx.studio/assets/img/landing/saas-1/brands/airbnb-gray.svg]
[around.createx.studio/assets/img/landing/saas-1/brands/airbnb-light.svg]
[around.createx.studio/assets/img/landing/saas-1/brands/starcraft-color.svg]
[around.createx.studio/assets/img/landing/saas-1/brands/starcraft-gray.svg]
[around.createx.studio/assets/img/landing/saas-1/brands/starcraft-light.svg]
[around.createx.studio/assets/img/landing/saas-1/brands/alpine-color.svg]
[around.createx.studio/assets/img/landing/saas-1/brands/alpine-gray.svg]
[around.createx.studio/assets/img/landing/saas-1/brands/alpine-light.svg]
[around.createx.studio/assets/img/landing/saas-3/tools/google.svg]
[around.createx.studio/assets/img/landing/saas-3/tools/zoom.svg]
[around.createx.studio/assets/img/landing/saas-3/tools/slack.svg]
[around.createx.studio/assets/img/landing/saas-3/tools/gmail.svg]
[around.createx.studio/assets/img/landing/saas-3/tools/trello.svg]
[around.createx.studio/assets/img/landing/saas-3/tools/mailchimp.svg]
[around.createx.studio/assets/img/landing/saas-3/tools/dropbox.svg]
[around.createx.studio/assets/img/landing/saas-3/tools/evernote.svg]
[around.createx.studio/assets/img/landing/saas-4/integrations/envato-light.svg]
[around.createx.studio/assets/img/landing/saas-4/integrations/envato-dark.svg]
[around.createx.studio/assets/img/landing/saas-4/integrations/firefox-light.svg]
[around.createx.studio/assets/img/landing/saas-4/integrations/firefox-dark.svg]
[around.createx.studio/assets/img/landing/saas-4/integrations/magento-light.svg]
[around.createx.studio/assets/img/landing/saas-4/integrations/magento-dark.svg]
[around.createx.studio/assets/img/landing/saas-4/integrations/pingdom-light.svg]
[around.createx.studio/assets/img/landing/saas-4/integrations/pingdom-dark.svg]
[around.createx.studio/assets/img/landing/saas-4/integrations/woocommerce-light.svg]
[around.createx.studio/assets/img/landing/saas-4/integrations/woocommerce-dark.svg]
[around.createx.studio/assets/img/landing/saas-4/integrations/shopify-light.svg]
[around.createx.studio/assets/img/landing/saas-4/integrations/shopify-dark.svg]
[around.createx.studio/assets/img/landing/saas-4/integrations/laravel.svg]
[around.createx.studio/assets/img/landing/saas-4/integrations/vite-light.svg]
[around.createx.studio/assets/img/landing/saas-4/integrations/vite-dark.svg]
[around.createx.studio/assets/img/landing/saas-4/integrations/angular-light.svg]
[around.createx.studio/assets/img/landing/saas-4/integrations/angular-dark.svg]
[around.createx.studio/+15262200459.html]
[around.createx.studio/assets/vendor/simplebar/dist/simplebar.min.css]
[around.createx.studio/assets/img/landing/shop-2/benefits/glutenfree.svg]
[around.createx.studio/assets/img/landing/shop-2/benefits/vegan.svg]
[around.createx.studio/assets/img/landing/shop-2/benefits/natural.svg]
[around.createx.studio/assets/img/landing/shop-2/benefits/love.svg]
[around.createx.studio/assets/img/landing/marketing-agency/hero/shape01.svg]
[around.createx.studio/assets/img/landing/marketing-agency/hero/shape02.svg]
[around.createx.studio/assets/img/landing/marketing-agency/hero/shape03.svg]
[around.createx.studio/assets/img/landing/marketing-agency/hero/shape04.svg]
[around.createx.studio/assets/img/landing/marketing-agency/tools/bing.svg]
[around.createx.studio/assets/img/landing/marketing-agency/tools/facebook.svg]
[around.createx.studio/assets/img/landing/marketing-agency/tools/microsoft-dark.svg]
[around.createx.studio/assets/img/landing/marketing-agency/tools/microsoft-light.svg]
[around.createx.studio/assets/img/landing/marketing-agency/tools/google.svg]
[around.createx.studio/assets/img/landing/marketing-agency/tools/google-ads-dark.svg]
[around.createx.studio/assets/img/landing/marketing-agency/tools/google-ads-light.svg]
[around.createx.studio/assets/img/landing/marketing-agency/tools/admitad-dark.svg]
[around.createx.studio/assets/img/landing/marketing-agency/tools/admitad-light.svg]
[around.createx.studio/assets/img/landing/marketing-agency/tools/google-analytics-dark.svg]
[around.createx.studio/assets/img/landing/marketing-agency/tools/google-analytics-light.svg]
[around.createx.studio/assets/img/landing/marketing-agency/tools/instagram-dark.svg]
[around.createx.studio/assets/img/landing/marketing-agency/tools/instagram-light.svg]
[around.createx.studio/assets/img/landing/marketing-agency/tools/tiktok-dark.svg]
[around.createx.studio/assets/img/landing/marketing-agency/tools/tiktok-light.svg]
[around.createx.studio/assets/img/brands/clutch-rating-dark.svg]
[around.createx.studio/assets/img/brands/clutch-rating-light.svg]
[around.createx.studio/assets/img/brands/starcraft-dark.svg]
[around.createx.studio/assets/img/brands/starcraft-light.svg]
[around.createx.studio/assets/img/brands/auchan.svg]
[around.createx.studio/assets/img/brands/klinos.svg]
[around.createx.studio/assets/img/brands/suzuki.svg]
[around.createx.studio/assets/img/brands/airbnb.svg]
[around.createx.studio/assets/img/brands/philips.svg]
[around.createx.studio/assets/img/brands/careem.svg]
[around.createx.studio/assets/img/brands/puma-dark.svg]
[around.createx.studio/assets/img/brands/puma-light.svg]
[around.createx.studio/assets/img/brands/alpine.svg]
[around.createx.studio/assets/img/brands/heineken.svg]
[around.createx.studio/assets/img/brands/champion-dark.svg]
[around.createx.studio/assets/img/brands/champion-light.svg]
[around.createx.studio/assets/img/brands/foster.svg]
[around.createx.studio/assets/img/landing/conference/sponsors/envato-dark.svg]
[around.createx.studio/assets/img/landing/conference/sponsors/envato-light.svg]
[around.createx.studio/assets/img/landing/conference/sponsors/angular-dark.svg]
[around.createx.studio/assets/img/landing/conference/sponsors/angular-light.svg]
[around.createx.studio/assets/img/landing/conference/sponsors/pingdom-dark.svg]
[around.createx.studio/assets/img/landing/conference/sponsors/pingdom-light.svg]
[around.createx.studio/assets/img/landing/conference/sponsors/woocommerce-dark.svg]
[around.createx.studio/assets/img/landing/conference/sponsors/woocommerce-light.svg]
[around.createx.studio/assets/img/landing/conference/sponsors/magento-dark.svg]
[around.createx.studio/assets/img/landing/conference/sponsors/magento-light.svg]
[around.createx.studio/assets/img/landing/conference/sponsors/bootstrap-dark.svg]
[around.createx.studio/assets/img/landing/conference/sponsors/bootstrap-light.svg]
[around.createx.studio/assets/img/landing/conference/sponsors/laravel-dark.svg]
[around.createx.studio/assets/img/landing/conference/sponsors/laravel-light.svg]
[around.createx.studio/assets/img/landing/conference/sponsors/react-dark.svg]
[around.createx.studio/assets/img/landing/conference/sponsors/react-light.svg]
[around.createx.studio/assets/img/brands/deloitte-dark.svg]
[around.createx.studio/assets/img/brands/deloitte-light.svg]
[around.createx.studio/assets/img/brands/vuejs-dark.svg]
[around.createx.studio/assets/img/brands/vuejs-light.svg]
[around.createx.studio/assets/img/brands/awwwards-dark.svg]
[around.createx.studio/assets/img/brands/awwwards-light.svg]
[around.createx.studio/assets/img/brands/clutch-dark.svg]
[around.createx.studio/assets/img/brands/clutch-light.svg]
[around.createx.studio/assets/img/landing/web-studio/skills/figma.svg]
[around.createx.studio/assets/img/landing/web-studio/skills/css3.svg]
[around.createx.studio/assets/img/landing/web-studio/skills/bootstrap.svg]
[around.createx.studio/assets/img/landing/web-studio/skills/python.svg]
[around.createx.studio/assets/img/portfolio/brands/champion-blue-dark.svg]
[around.createx.studio/assets/img/portfolio/brands/champion-blue-light.svg]
[around.createx.studio/assets/img/portfolio/brands/vuejs-dark.svg]
[around.createx.studio/assets/img/portfolio/brands/vuejs-light.svg]
[around.createx.studio/assets/img/portfolio/brands/deloitte-dark.svg]
[around.createx.studio/assets/img/portfolio/brands/deloitte-light.svg]
[around.createx.studio/assets/img/portfolio/brands/foster-green.svg]
[around.createx.studio/assets/img/portfolio/brands/boost.svg]
[around.createx.studio/assets/img/landing/insurance/partners/deloitte-light.svg]
[around.createx.studio/assets/img/landing/insurance/partners/deloitte-dark.svg]
[around.createx.studio/assets/img/landing/insurance/partners/airbnb.svg]
[around.createx.studio/assets/img/landing/insurance/partners/champion-light.svg]
[around.createx.studio/assets/img/landing/insurance/partners/champion-dark.svg]
[around.createx.studio/assets/img/landing/insurance/partners/times-light.svg]
[around.createx.studio/assets/img/landing/insurance/partners/times-dark.svg]
[around.createx.studio/assets/img/landing/insurance/partners/clutch-light.svg]
[around.createx.studio/assets/img/landing/insurance/partners/clutch-dark.svg]
[around.createx.studio/assets/vendor/flatpickr/dist/flatpickr.min.css]
[around.createx.studio/assets/vendor/leaflet/dist/images/layers.png]
[around.createx.studio/assets/vendor/leaflet/dist/images/layers-2x.png]
[around.createx.studio/assets/vendor/leaflet/dist/images/marker-icon.png]
[around.createx.studio/assets/vendor/leaflet/dist/leaflet.css]
[around.createx.studio/assets/img/landing/yoga-studio/features/flower.svg]
[around.createx.studio/assets/img/landing/yoga-studio/cta/bg.svg]
[around.createx.studio/assets/img/landing/influencer/achievements-dark.svg]
[around.createx.studio/assets/img/landing/influencer/achievements-light.svg]
[around.createx.studio/assets/img/landing/blog/authors/hover.svg]
[around.createx.studio/assets/img/portfolio/brands/champion-purple-dark.svg]
[around.createx.studio/assets/img/portfolio/brands/champion-purple-light.svg]
[around.createx.studio/assets/img/portfolio/brands/clutch-dark.svg]
[around.createx.studio/assets/img/portfolio/brands/clutch-light.svg]
[around.createx.studio/assets/img/portfolio/brands/foster-yellow.svg]
[around.createx.studio/assets/img/portfolio/brands/vintage-dark.svg]
[around.createx.studio/assets/img/portfolio/brands/vintage-light.svg]
[around.createx.studio/assets/vendor/nouislider/dist/nouislider.min.css]
[around.createx.studio/assets/img/services/v3/icons/time-white.svg]
[around.createx.studio/assets/img/services/v3/icons/cog-white.svg]
[around.createx.studio/assets/img/services/v3/icons/monitor-white.svg]
[around.createx.studio/assets/img/services/v3/icons/size-white.svg]
[around.createx.studio/assets/img/services/v3/icons/monitor-dark.svg]
[around.createx.studio/assets/img/services/v3/icons/monitor-light.svg]
[around.createx.studio/assets/img/services/v3/icons/cloud-dark.svg]
[around.createx.studio/assets/img/services/v3/icons/cloud-light.svg]
[around.createx.studio/assets/img/services/v3/icons/cog-dark.svg]
[around.createx.studio/assets/img/services/v3/icons/cog-light.svg]
[around.createx.studio/assets/img/services/v3/icons/time-dark.svg]
[around.createx.studio/assets/img/services/v3/icons/time-light.svg]
[around.createx.studio/assets/img/services/v3/icons/size-dark.svg]
[around.createx.studio/assets/img/services/v3/icons/size-light.svg]
[around.createx.studio/assets/img/account/gift-icon.svg]
[around.createx.studio/assets/vendor/prismjs/themes/prism.min.css]
[around.createx.studio/assets/vendor/prismjs/plugins/toolbar/prism-toolbar.min.css]
[around.createx.studio/assets/vendor/prismjs/plugins/line-numbers/prism-line-numbers.min.css]
[around.createx.studio/components/icon-font.html]
[around.createx.studio/components/code.html]
[around.createx.studio/components/images.html]
[around.createx.studio/components/tables.html]
[around.createx.studio/components/accordion.html]
[around.createx.studio/components/alerts.html]
[around.createx.studio/components/badges.html]
[around.createx.studio/components/blog-components.html]
[around.createx.studio/components/breadcrumb.html]
[around.createx.studio/components/buttons.html]
[around.createx.studio/components/button-group.html]
[around.createx.studio/assets/vendor/prismjs/components/prism-javascript.min.js]
[around.createx.studio/components/cards-basic.html]
[around.createx.studio/components/cards-hover.html]
[around.createx.studio/assets/img/components/thumb02.png]
[around.createx.studio/assets/img/components/thumb03.png]
[around.createx.studio/components/carousel.html]
[around.createx.studio/components/charts.html]
[around.createx.studio/components/collapse.html]
[around.createx.studio/components/countdown.html]
[around.createx.studio/components/date-picker.html]
[around.createx.studio/components/dropdowns.html]
[around.createx.studio/components/calendar.html]
[around.createx.studio/components/forms.html]
[around.createx.studio/assets/vendor/flatpickr/dist/plugins/rangePlugin.js]
[around.createx.studio/assets/img/map.jpg]
[around.createx.studio/components/gallery.html]
[around.createx.studio/components/_.3e2.delayed]
[around.createx.studio/components/hotspots.html]
[around.createx.studio/assets/img/landing/coworking-space/parallax-image-grayscale.jpg]
[around.createx.studio/components/image-comparison-slider.html]
[around.createx.studio/components/input-group.html]
[around.createx.studio/components/list-group.html]
[around.createx.studio/components/maps.html]
[around.createx.studio/components/modal.html]
[around.createx.studio/components/navbar.html]
[around.createx.studio/components/offcanvas.html]
[around.createx.studio/components/pagination.html]
[around.createx.studio/components/navbar-offcanvas.html]
[around.createx.studio/assets/img/landing/shop/hero/bg.3e5.delayed]
[around.createx.studio/components/parallax.html]
[around.createx.studio/components/pills.html]
[around.createx.studio/components/placeholders.html]
[around.createx.studio/components/popovers.html]
[around.createx.studio/components/portfolio-components.html]
[around.createx.studio/components/pricing.html]
[around.createx.studio/components/progress.html]
[around.createx.studio/assets/img/landing/shop/hero/01.3e6.delayed]
[around.createx.studio/components/shop-components.html]
[around.createx.studio/components/social-buttons.html]
[around.createx.studio/components/spinners.html]
[around.createx.studio/components/steps.html]
[around.createx.studio/components/tabs.html]
[around.createx.studio/components/team.html]
[around.createx.studio/components/testimonials.html]
[around.createx.studio/components/toasts.html]
[around.createx.studio/components/tooltips.html]
[around.createx.studio/components/video-popup.html]
[around.createx.studio/components/utilities.html]
[around.createx.studio/docs/typography.html]
[around.createx.studio/assets/img/docs/technologies.png]
[around.createx.studio/docs/dev-setup.html]
[around.createx.studio/docs/npm-scripts.html]
[around.createx.studio/docs/project-structure.html]
[around.createx.studio/docs/configuration-files.html]
[around.createx.studio/docs/install-vendor-plugin.html]
[around.createx.studio/assets/img/docs/sass-compiler-settings.png]
[around.createx.studio/docs/using-scss.html]
[around.createx.studio/assets/img/docs/autoprefixer.png]
[around.createx.studio/docs/autoprefixer.html]
[around.createx.studio/assets/img/docs/local-storage.png]
[around.createx.studio/assets/img/docs/theme-switcher-js.png]
[around.createx.studio/assets/img/docs/theme-switch-markup.png]
[around.createx.studio/assets/img/docs/data-theme-attribute.png]
[around.createx.studio/assets/img/docs/theme-switch-checked.png]
[around.createx.studio/assets/img/docs/theme-switcher-code.png]
[around.createx.studio/docs/color-modes.html]
[around.createx.studio/assets/img/docs/sass-variables.png]
[around.createx.studio/assets/img/docs/css-variables.png]
[around.createx.studio/docs/global-colors.html]
[around.createx.studio/assets/img/docs/component-light.png]
[around.createx.studio/assets/img/docs/component-dark.png]
[around.createx.studio/docs/components.html]
[around.createx.studio/docs/utilities.html]
[around.createx.studio/assets/vendor/prismjs/themes/prism.css]
[around.createx.studio/assets/vendor/prismjs/plugins/toolbar/prism-toolbar.css]
[around.createx.studio/docs/ui-icons.html]
[around.createx.studio/docs/mailchimp.html]
[around.createx.studio/docs/credits.html]
[around.createx.studio/docs/using-preprocessors.3f7.delayed]
[around.createx.studio/docs/changelog.html]
[around.createx.studio/assets/vendor/lightgallery/fonts/lgb687.svg]
[around.createx.studio/components/_.html]
[around.createx.studio/components/navbar-offcanvas.html]
[around.createx.studio/assets/img/landing/shop/hero/bg.html]
[around.createx.studio/assets/img/landing/shop/hero/01.html]
[around.createx.studio/assets/vendor/prismjs/themes/prism.css]
[around.createx.studio/assets/vendor/prismjs/plugins/toolbar/prism-toolbar.css]
[around.createx.studio/assets/vendor/prismjs/plugins/line-numbers/prism-line-numbers.css]
[around.createx.studio/docs/using-preprocessors.html]
